Archive member included to satisfy reference by file (symbol)

c:/st/stm32cubeide_1.7.0/stm32cubeide/plugins/com.st.stm32cube.ide.mcu.externaltools.gnu-tools-for-stm32.9-2020-q2-update.win32_2.0.0.202105311346/tools/bin/../lib/gcc/arm-none-eabi/9.3.1/../../../../arm-none-eabi/lib/thumb/v7e-m/nofp\libc_nano.a(lib_a-errno.o)
                              ./Src/syscalls.o (__errno)
c:/st/stm32cubeide_1.7.0/stm32cubeide/plugins/com.st.stm32cube.ide.mcu.externaltools.gnu-tools-for-stm32.9-2020-q2-update.win32_2.0.0.202105311346/tools/bin/../lib/gcc/arm-none-eabi/9.3.1/../../../../arm-none-eabi/lib/thumb/v7e-m/nofp\libc_nano.a(lib_a-exit.o)
                              c:/st/stm32cubeide_1.7.0/stm32cubeide/plugins/com.st.stm32cube.ide.mcu.externaltools.gnu-tools-for-stm32.9-2020-q2-update.win32_2.0.0.202105311346/tools/bin/../lib/gcc/arm-none-eabi/9.3.1/../../../../arm-none-eabi/lib/thumb/v7e-m/nofp/crt0.o (exit)
c:/st/stm32cubeide_1.7.0/stm32cubeide/plugins/com.st.stm32cube.ide.mcu.externaltools.gnu-tools-for-stm32.9-2020-q2-update.win32_2.0.0.202105311346/tools/bin/../lib/gcc/arm-none-eabi/9.3.1/../../../../arm-none-eabi/lib/thumb/v7e-m/nofp\libc_nano.a(lib_a-impure.o)
                              c:/st/stm32cubeide_1.7.0/stm32cubeide/plugins/com.st.stm32cube.ide.mcu.externaltools.gnu-tools-for-stm32.9-2020-q2-update.win32_2.0.0.202105311346/tools/bin/../lib/gcc/arm-none-eabi/9.3.1/../../../../arm-none-eabi/lib/thumb/v7e-m/nofp\libc_nano.a(lib_a-exit.o) (_global_impure_ptr)
c:/st/stm32cubeide_1.7.0/stm32cubeide/plugins/com.st.stm32cube.ide.mcu.externaltools.gnu-tools-for-stm32.9-2020-q2-update.win32_2.0.0.202105311346/tools/bin/../lib/gcc/arm-none-eabi/9.3.1/../../../../arm-none-eabi/lib/thumb/v7e-m/nofp\libc_nano.a(lib_a-init.o)
                              c:/st/stm32cubeide_1.7.0/stm32cubeide/plugins/com.st.stm32cube.ide.mcu.externaltools.gnu-tools-for-stm32.9-2020-q2-update.win32_2.0.0.202105311346/tools/bin/../lib/gcc/arm-none-eabi/9.3.1/../../../../arm-none-eabi/lib/thumb/v7e-m/nofp/crt0.o (__libc_init_array)
c:/st/stm32cubeide_1.7.0/stm32cubeide/plugins/com.st.stm32cube.ide.mcu.externaltools.gnu-tools-for-stm32.9-2020-q2-update.win32_2.0.0.202105311346/tools/bin/../lib/gcc/arm-none-eabi/9.3.1/../../../../arm-none-eabi/lib/thumb/v7e-m/nofp\libc_nano.a(lib_a-memset.o)
                              c:/st/stm32cubeide_1.7.0/stm32cubeide/plugins/com.st.stm32cube.ide.mcu.externaltools.gnu-tools-for-stm32.9-2020-q2-update.win32_2.0.0.202105311346/tools/bin/../lib/gcc/arm-none-eabi/9.3.1/../../../../arm-none-eabi/lib/thumb/v7e-m/nofp/crt0.o (memset)
c:/st/stm32cubeide_1.7.0/stm32cubeide/plugins/com.st.stm32cube.ide.mcu.externaltools.gnu-tools-for-stm32.9-2020-q2-update.win32_2.0.0.202105311346/tools/bin/../lib/gcc/arm-none-eabi/9.3.1/../../../../arm-none-eabi/lib/thumb/v7e-m/nofp\libc_nano.a(lib_a-strlen.o)
                              ./Src/main.o (strlen)

Allocating common symbols
Common symbol       size              file

SPI_Handle          0x24              ./Src/main.o

Discarded input sections

 .text          0x0000000000000000        0x0 c:/st/stm32cubeide_1.7.0/stm32cubeide/plugins/com.st.stm32cube.ide.mcu.externaltools.gnu-tools-for-stm32.9-2020-q2-update.win32_2.0.0.202105311346/tools/bin/../lib/gcc/arm-none-eabi/9.3.1/thumb/v7e-m/nofp/crti.o
 .data          0x0000000000000000        0x0 c:/st/stm32cubeide_1.7.0/stm32cubeide/plugins/com.st.stm32cube.ide.mcu.externaltools.gnu-tools-for-stm32.9-2020-q2-update.win32_2.0.0.202105311346/tools/bin/../lib/gcc/arm-none-eabi/9.3.1/thumb/v7e-m/nofp/crti.o
 .bss           0x0000000000000000        0x0 c:/st/stm32cubeide_1.7.0/stm32cubeide/plugins/com.st.stm32cube.ide.mcu.externaltools.gnu-tools-for-stm32.9-2020-q2-update.win32_2.0.0.202105311346/tools/bin/../lib/gcc/arm-none-eabi/9.3.1/thumb/v7e-m/nofp/crti.o
 .data          0x0000000000000000        0x4 c:/st/stm32cubeide_1.7.0/stm32cubeide/plugins/com.st.stm32cube.ide.mcu.externaltools.gnu-tools-for-stm32.9-2020-q2-update.win32_2.0.0.202105311346/tools/bin/../lib/gcc/arm-none-eabi/9.3.1/thumb/v7e-m/nofp/crtbegin.o
 .text          0x0000000000000000       0x7c c:/st/stm32cubeide_1.7.0/stm32cubeide/plugins/com.st.stm32cube.ide.mcu.externaltools.gnu-tools-for-stm32.9-2020-q2-update.win32_2.0.0.202105311346/tools/bin/../lib/gcc/arm-none-eabi/9.3.1/../../../../arm-none-eabi/lib/thumb/v7e-m/nofp/crt0.o
 .data          0x0000000000000000        0x0 c:/st/stm32cubeide_1.7.0/stm32cubeide/plugins/com.st.stm32cube.ide.mcu.externaltools.gnu-tools-for-stm32.9-2020-q2-update.win32_2.0.0.202105311346/tools/bin/../lib/gcc/arm-none-eabi/9.3.1/../../../../arm-none-eabi/lib/thumb/v7e-m/nofp/crt0.o
 .bss           0x0000000000000000        0x0 c:/st/stm32cubeide_1.7.0/stm32cubeide/plugins/com.st.stm32cube.ide.mcu.externaltools.gnu-tools-for-stm32.9-2020-q2-update.win32_2.0.0.202105311346/tools/bin/../lib/gcc/arm-none-eabi/9.3.1/../../../../arm-none-eabi/lib/thumb/v7e-m/nofp/crt0.o
 .ARM.extab     0x0000000000000000        0x0 c:/st/stm32cubeide_1.7.0/stm32cubeide/plugins/com.st.stm32cube.ide.mcu.externaltools.gnu-tools-for-stm32.9-2020-q2-update.win32_2.0.0.202105311346/tools/bin/../lib/gcc/arm-none-eabi/9.3.1/../../../../arm-none-eabi/lib/thumb/v7e-m/nofp/crt0.o
 .ARM.exidx     0x0000000000000000       0x10 c:/st/stm32cubeide_1.7.0/stm32cubeide/plugins/com.st.stm32cube.ide.mcu.externaltools.gnu-tools-for-stm32.9-2020-q2-update.win32_2.0.0.202105311346/tools/bin/../lib/gcc/arm-none-eabi/9.3.1/../../../../arm-none-eabi/lib/thumb/v7e-m/nofp/crt0.o
 .ARM.attributes
                0x0000000000000000       0x1c c:/st/stm32cubeide_1.7.0/stm32cubeide/plugins/com.st.stm32cube.ide.mcu.externaltools.gnu-tools-for-stm32.9-2020-q2-update.win32_2.0.0.202105311346/tools/bin/../lib/gcc/arm-none-eabi/9.3.1/../../../../arm-none-eabi/lib/thumb/v7e-m/nofp/crt0.o
 .group         0x0000000000000000        0xc ./Src/main.o
 .group         0x0000000000000000        0xc ./Src/main.o
 .group         0x0000000000000000        0xc ./Src/main.o
 .group         0x0000000000000000        0xc ./Src/main.o
 .group         0x0000000000000000        0xc ./Src/main.o
 .group         0x0000000000000000        0xc ./Src/main.o
 .group         0x0000000000000000        0xc ./Src/main.o
 .group         0x0000000000000000        0xc ./Src/main.o
 .group         0x0000000000000000        0xc ./Src/main.o
 .group         0x0000000000000000        0xc ./Src/main.o
 .group         0x0000000000000000        0xc ./Src/main.o
 .group         0x0000000000000000        0xc ./Src/main.o
 .group         0x0000000000000000        0xc ./Src/main.o
 .group         0x0000000000000000        0xc ./Src/main.o
 .group         0x0000000000000000        0xc ./Src/main.o
 .group         0x0000000000000000        0xc ./Src/main.o
 .group         0x0000000000000000        0xc ./Src/main.o
 .group         0x0000000000000000        0xc ./Src/main.o
 .group         0x0000000000000000        0xc ./Src/main.o
 .group         0x0000000000000000        0xc ./Src/main.o
 .group         0x0000000000000000        0xc ./Src/main.o
 .group         0x0000000000000000        0xc ./Src/main.o
 .group         0x0000000000000000        0xc ./Src/main.o
 .group         0x0000000000000000        0xc ./Src/main.o
 .group         0x0000000000000000        0xc ./Src/main.o
 .group         0x0000000000000000        0xc ./Src/main.o
 .group         0x0000000000000000        0xc ./Src/main.o
 .group         0x0000000000000000        0xc ./Src/main.o
 .group         0x0000000000000000        0xc ./Src/main.o
 .text          0x0000000000000000        0x0 ./Src/main.o
 .data          0x0000000000000000        0x0 ./Src/main.o
 .bss           0x0000000000000000        0x0 ./Src/main.o
 .group         0x0000000000000000        0xc ./Src/syscalls.o
 .group         0x0000000000000000        0xc ./Src/syscalls.o
 .group         0x0000000000000000        0xc ./Src/syscalls.o
 .group         0x0000000000000000        0xc ./Src/syscalls.o
 .group         0x0000000000000000        0xc ./Src/syscalls.o
 .group         0x0000000000000000        0xc ./Src/syscalls.o
 .group         0x0000000000000000        0xc ./Src/syscalls.o
 .group         0x0000000000000000        0xc ./Src/syscalls.o
 .group         0x0000000000000000        0xc ./Src/syscalls.o
 .group         0x0000000000000000        0xc ./Src/syscalls.o
 .group         0x0000000000000000        0xc ./Src/syscalls.o
 .group         0x0000000000000000        0xc ./Src/syscalls.o
 .group         0x0000000000000000        0xc ./Src/syscalls.o
 .group         0x0000000000000000        0xc ./Src/syscalls.o
 .group         0x0000000000000000        0xc ./Src/syscalls.o
 .group         0x0000000000000000        0xc ./Src/syscalls.o
 .group         0x0000000000000000        0xc ./Src/syscalls.o
 .group         0x0000000000000000        0xc ./Src/syscalls.o
 .group         0x0000000000000000        0xc ./Src/syscalls.o
 .group         0x0000000000000000        0xc ./Src/syscalls.o
 .group         0x0000000000000000        0xc ./Src/syscalls.o
 .group         0x0000000000000000        0xc ./Src/syscalls.o
 .group         0x0000000000000000        0xc ./Src/syscalls.o
 .group         0x0000000000000000        0xc ./Src/syscalls.o
 .group         0x0000000000000000        0xc ./Src/syscalls.o
 .group         0x0000000000000000        0xc ./Src/syscalls.o
 .group         0x0000000000000000        0xc ./Src/syscalls.o
 .group         0x0000000000000000        0xc ./Src/syscalls.o
 .group         0x0000000000000000        0xc ./Src/syscalls.o
 .group         0x0000000000000000        0xc ./Src/syscalls.o
 .group         0x0000000000000000        0xc ./Src/syscalls.o
 .group         0x0000000000000000        0xc ./Src/syscalls.o
 .group         0x0000000000000000        0xc ./Src/syscalls.o
 .group         0x0000000000000000        0xc ./Src/syscalls.o
 .group         0x0000000000000000        0xc ./Src/syscalls.o
 .group         0x0000000000000000        0xc ./Src/syscalls.o
 .group         0x0000000000000000        0xc ./Src/syscalls.o
 .group         0x0000000000000000        0xc ./Src/syscalls.o
 .group         0x0000000000000000        0xc ./Src/syscalls.o
 .group         0x0000000000000000        0xc ./Src/syscalls.o
 .group         0x0000000000000000        0xc ./Src/syscalls.o
 .group         0x0000000000000000        0xc ./Src/syscalls.o
 .group         0x0000000000000000        0xc ./Src/syscalls.o
 .group         0x0000000000000000        0xc ./Src/syscalls.o
 .group         0x0000000000000000        0xc ./Src/syscalls.o
 .group         0x0000000000000000        0xc ./Src/syscalls.o
 .group         0x0000000000000000        0xc ./Src/syscalls.o
 .text          0x0000000000000000        0x0 ./Src/syscalls.o
 .data          0x0000000000000000        0x0 ./Src/syscalls.o
 .bss           0x0000000000000000        0x0 ./Src/syscalls.o
 .bss.__env     0x0000000000000000        0x4 ./Src/syscalls.o
 .data.environ  0x0000000000000000        0x4 ./Src/syscalls.o
 .text.initialise_monitor_handles
                0x0000000000000000        0xc ./Src/syscalls.o
 .text._getpid  0x0000000000000000        0xe ./Src/syscalls.o
 .text._kill    0x0000000000000000       0x20 ./Src/syscalls.o
 .text._exit    0x0000000000000000       0x14 ./Src/syscalls.o
 .text._read    0x0000000000000000       0x3a ./Src/syscalls.o
 .text._write   0x0000000000000000       0x38 ./Src/syscalls.o
 .text._close   0x0000000000000000       0x16 ./Src/syscalls.o
 .text._fstat   0x0000000000000000       0x1e ./Src/syscalls.o
 .text._isatty  0x0000000000000000       0x14 ./Src/syscalls.o
 .text._lseek   0x0000000000000000       0x18 ./Src/syscalls.o
 .text._open    0x0000000000000000       0x1a ./Src/syscalls.o
 .text._wait    0x0000000000000000       0x1e ./Src/syscalls.o
 .text._unlink  0x0000000000000000       0x1e ./Src/syscalls.o
 .text._times   0x0000000000000000       0x16 ./Src/syscalls.o
 .text._stat    0x0000000000000000       0x1e ./Src/syscalls.o
 .text._link    0x0000000000000000       0x20 ./Src/syscalls.o
 .text._fork    0x0000000000000000       0x16 ./Src/syscalls.o
 .text._execve  0x0000000000000000       0x22 ./Src/syscalls.o
 .debug_info    0x0000000000000000      0xfa8 ./Src/syscalls.o
 .debug_abbrev  0x0000000000000000      0x286 ./Src/syscalls.o
 .debug_aranges
                0x0000000000000000       0xa8 ./Src/syscalls.o
 .debug_ranges  0x0000000000000000       0x98 ./Src/syscalls.o
 .debug_macro   0x0000000000000000      0x24c ./Src/syscalls.o
 .debug_macro   0x0000000000000000      0xaa8 ./Src/syscalls.o
 .debug_macro   0x0000000000000000       0x22 ./Src/syscalls.o
 .debug_macro   0x0000000000000000       0x4c ./Src/syscalls.o
 .debug_macro   0x0000000000000000       0x18 ./Src/syscalls.o
 .debug_macro   0x0000000000000000       0x94 ./Src/syscalls.o
 .debug_macro   0x0000000000000000       0x3c ./Src/syscalls.o
 .debug_macro   0x0000000000000000       0x34 ./Src/syscalls.o
 .debug_macro   0x0000000000000000       0x57 ./Src/syscalls.o
 .debug_macro   0x0000000000000000      0x174 ./Src/syscalls.o
 .debug_macro   0x0000000000000000      0x339 ./Src/syscalls.o
 .debug_macro   0x0000000000000000       0x16 ./Src/syscalls.o
 .debug_macro   0x0000000000000000       0x43 ./Src/syscalls.o
 .debug_macro   0x0000000000000000       0x34 ./Src/syscalls.o
 .debug_macro   0x0000000000000000       0x10 ./Src/syscalls.o
 .debug_macro   0x0000000000000000       0x58 ./Src/syscalls.o
 .debug_macro   0x0000000000000000       0x71 ./Src/syscalls.o
 .debug_macro   0x0000000000000000       0x1c ./Src/syscalls.o
 .debug_macro   0x0000000000000000      0x12a ./Src/syscalls.o
 .debug_macro   0x0000000000000000       0x10 ./Src/syscalls.o
 .debug_macro   0x0000000000000000       0x35 ./Src/syscalls.o
 .debug_macro   0x0000000000000000       0x10 ./Src/syscalls.o
 .debug_macro   0x0000000000000000       0x10 ./Src/syscalls.o
 .debug_macro   0x0000000000000000       0x10 ./Src/syscalls.o
 .debug_macro   0x0000000000000000       0x6a ./Src/syscalls.o
 .debug_macro   0x0000000000000000       0x1c ./Src/syscalls.o
 .debug_macro   0x0000000000000000       0x52 ./Src/syscalls.o
 .debug_macro   0x0000000000000000       0x22 ./Src/syscalls.o
 .debug_macro   0x0000000000000000       0x10 ./Src/syscalls.o
 .debug_macro   0x0000000000000000       0x40 ./Src/syscalls.o
 .debug_macro   0x0000000000000000       0xd5 ./Src/syscalls.o
 .debug_macro   0x0000000000000000       0x1c ./Src/syscalls.o
 .debug_macro   0x0000000000000000       0x3d ./Src/syscalls.o
 .debug_macro   0x0000000000000000       0x35 ./Src/syscalls.o
 .debug_macro   0x0000000000000000      0x12c ./Src/syscalls.o
 .debug_macro   0x0000000000000000       0x16 ./Src/syscalls.o
 .debug_macro   0x0000000000000000       0x16 ./Src/syscalls.o
 .debug_macro   0x0000000000000000       0x29 ./Src/syscalls.o
 .debug_macro   0x0000000000000000       0x10 ./Src/syscalls.o
 .debug_macro   0x0000000000000000      0x241 ./Src/syscalls.o
 .debug_macro   0x0000000000000000       0x1c ./Src/syscalls.o
 .debug_macro   0x0000000000000000       0x10 ./Src/syscalls.o
 .debug_macro   0x0000000000000000       0x10 ./Src/syscalls.o
 .debug_macro   0x0000000000000000       0x16 ./Src/syscalls.o
 .debug_macro   0x0000000000000000      0x145 ./Src/syscalls.o
 .debug_macro   0x0000000000000000      0x189 ./Src/syscalls.o
 .debug_macro   0x0000000000000000       0x16 ./Src/syscalls.o
 .debug_macro   0x0000000000000000       0xce ./Src/syscalls.o
 .debug_line    0x0000000000000000      0x7fd ./Src/syscalls.o
 .debug_str     0x0000000000000000     0x8e88 ./Src/syscalls.o
 .comment       0x0000000000000000       0x54 ./Src/syscalls.o
 .debug_frame   0x0000000000000000      0x2ac ./Src/syscalls.o
 .ARM.attributes
                0x0000000000000000       0x2e ./Src/syscalls.o
 .group         0x0000000000000000        0xc ./Src/sysmem.o
 .group         0x0000000000000000        0xc ./Src/sysmem.o
 .group         0x0000000000000000        0xc ./Src/sysmem.o
 .group         0x0000000000000000        0xc ./Src/sysmem.o
 .group         0x0000000000000000        0xc ./Src/sysmem.o
 .group         0x0000000000000000        0xc ./Src/sysmem.o
 .group         0x0000000000000000        0xc ./Src/sysmem.o
 .group         0x0000000000000000        0xc ./Src/sysmem.o
 .group         0x0000000000000000        0xc ./Src/sysmem.o
 .group         0x0000000000000000        0xc ./Src/sysmem.o
 .group         0x0000000000000000        0xc ./Src/sysmem.o
 .group         0x0000000000000000        0xc ./Src/sysmem.o
 .group         0x0000000000000000        0xc ./Src/sysmem.o
 .group         0x0000000000000000        0xc ./Src/sysmem.o
 .group         0x0000000000000000        0xc ./Src/sysmem.o
 .group         0x0000000000000000        0xc ./Src/sysmem.o
 .group         0x0000000000000000        0xc ./Src/sysmem.o
 .group         0x0000000000000000        0xc ./Src/sysmem.o
 .group         0x0000000000000000        0xc ./Src/sysmem.o
 .group         0x0000000000000000        0xc ./Src/sysmem.o
 .group         0x0000000000000000        0xc ./Src/sysmem.o
 .group         0x0000000000000000        0xc ./Src/sysmem.o
 .text          0x0000000000000000        0x0 ./Src/sysmem.o
 .data          0x0000000000000000        0x0 ./Src/sysmem.o
 .bss           0x0000000000000000        0x0 ./Src/sysmem.o
 .bss.__sbrk_heap_end
                0x0000000000000000        0x4 ./Src/sysmem.o
 .text._sbrk    0x0000000000000000       0x6c ./Src/sysmem.o
 .debug_info    0x0000000000000000      0xa25 ./Src/sysmem.o
 .debug_abbrev  0x0000000000000000      0x1bf ./Src/sysmem.o
 .debug_aranges
                0x0000000000000000       0x20 ./Src/sysmem.o
 .debug_ranges  0x0000000000000000       0x10 ./Src/sysmem.o
 .debug_macro   0x0000000000000000       0xff ./Src/sysmem.o
 .debug_macro   0x0000000000000000      0xaa8 ./Src/sysmem.o
 .debug_macro   0x0000000000000000       0x10 ./Src/sysmem.o
 .debug_macro   0x0000000000000000       0x22 ./Src/sysmem.o
 .debug_macro   0x0000000000000000       0x4c ./Src/sysmem.o
 .debug_macro   0x0000000000000000       0x18 ./Src/sysmem.o
 .debug_macro   0x0000000000000000       0x94 ./Src/sysmem.o
 .debug_macro   0x0000000000000000       0x3c ./Src/sysmem.o
 .debug_macro   0x0000000000000000       0x34 ./Src/sysmem.o
 .debug_macro   0x0000000000000000      0x174 ./Src/sysmem.o
 .debug_macro   0x0000000000000000       0x16 ./Src/sysmem.o
 .debug_macro   0x0000000000000000       0x43 ./Src/sysmem.o
 .debug_macro   0x0000000000000000       0x57 ./Src/sysmem.o
 .debug_macro   0x0000000000000000       0x34 ./Src/sysmem.o
 .debug_macro   0x0000000000000000       0x10 ./Src/sysmem.o
 .debug_macro   0x0000000000000000       0x58 ./Src/sysmem.o
 .debug_macro   0x0000000000000000       0x71 ./Src/sysmem.o
 .debug_macro   0x0000000000000000       0x1c ./Src/sysmem.o
 .debug_macro   0x0000000000000000      0x12a ./Src/sysmem.o
 .debug_macro   0x0000000000000000      0x23b ./Src/sysmem.o
 .debug_macro   0x0000000000000000      0x103 ./Src/sysmem.o
 .debug_macro   0x0000000000000000       0x6a ./Src/sysmem.o
 .debug_macro   0x0000000000000000      0x1df ./Src/sysmem.o
 .debug_line    0x0000000000000000      0x4f3 ./Src/sysmem.o
 .debug_str     0x0000000000000000     0x625b ./Src/sysmem.o
 .comment       0x0000000000000000       0x54 ./Src/sysmem.o
 .debug_frame   0x0000000000000000       0x34 ./Src/sysmem.o
 .ARM.attributes
                0x0000000000000000       0x2e ./Src/sysmem.o
 .text          0x0000000000000000       0x14 ./Startup/startup_stm32f407vgtx.o
 .data          0x0000000000000000        0x0 ./Startup/startup_stm32f407vgtx.o
 .bss           0x0000000000000000        0x0 ./Startup/startup_stm32f407vgtx.o
 .group         0x0000000000000000        0xc ./myDriver/Src/EXTI.o
 .group         0x0000000000000000        0xc ./myDriver/Src/EXTI.o
 .group         0x0000000000000000        0xc ./myDriver/Src/EXTI.o
 .group         0x0000000000000000        0xc ./myDriver/Src/EXTI.o
 .group         0x0000000000000000        0xc ./myDriver/Src/EXTI.o
 .group         0x0000000000000000        0xc ./myDriver/Src/EXTI.o
 .group         0x0000000000000000        0xc ./myDriver/Src/EXTI.o
 .group         0x0000000000000000        0xc ./myDriver/Src/EXTI.o
 .group         0x0000000000000000        0xc ./myDriver/Src/EXTI.o
 .group         0x0000000000000000        0xc ./myDriver/Src/EXTI.o
 .group         0x0000000000000000        0xc ./myDriver/Src/EXTI.o
 .group         0x0000000000000000        0xc ./myDriver/Src/EXTI.o
 .group         0x0000000000000000        0xc ./myDriver/Src/EXTI.o
 .group         0x0000000000000000        0xc ./myDriver/Src/EXTI.o
 .group         0x0000000000000000        0xc ./myDriver/Src/EXTI.o
 .group         0x0000000000000000        0xc ./myDriver/Src/EXTI.o
 .group         0x0000000000000000        0xc ./myDriver/Src/EXTI.o
 .group         0x0000000000000000        0xc ./myDriver/Src/EXTI.o
 .group         0x0000000000000000        0xc ./myDriver/Src/EXTI.o
 .group         0x0000000000000000        0xc ./myDriver/Src/EXTI.o
 .group         0x0000000000000000        0xc ./myDriver/Src/EXTI.o
 .group         0x0000000000000000        0xc ./myDriver/Src/EXTI.o
 .group         0x0000000000000000        0xc ./myDriver/Src/EXTI.o
 .group         0x0000000000000000        0xc ./myDriver/Src/EXTI.o
 .group         0x0000000000000000        0xc ./myDriver/Src/EXTI.o
 .group         0x0000000000000000        0xc ./myDriver/Src/EXTI.o
 .group         0x0000000000000000        0xc ./myDriver/Src/EXTI.o
 .group         0x0000000000000000        0xc ./myDriver/Src/EXTI.o
 .group         0x0000000000000000        0xc ./myDriver/Src/EXTI.o
 .text          0x0000000000000000        0x0 ./myDriver/Src/EXTI.o
 .data          0x0000000000000000        0x0 ./myDriver/Src/EXTI.o
 .bss           0x0000000000000000        0x0 ./myDriver/Src/EXTI.o
 .debug_macro   0x0000000000000000      0xaa8 ./myDriver/Src/EXTI.o
 .debug_macro   0x0000000000000000       0x22 ./myDriver/Src/EXTI.o
 .debug_macro   0x0000000000000000       0x8e ./myDriver/Src/EXTI.o
 .debug_macro   0x0000000000000000       0x51 ./myDriver/Src/EXTI.o
 .debug_macro   0x0000000000000000      0x103 ./myDriver/Src/EXTI.o
 .debug_macro   0x0000000000000000       0x6a ./myDriver/Src/EXTI.o
 .debug_macro   0x0000000000000000      0x1df ./myDriver/Src/EXTI.o
 .debug_macro   0x0000000000000000       0x52 ./myDriver/Src/EXTI.o
 .debug_macro   0x0000000000000000       0x18 ./myDriver/Src/EXTI.o
 .debug_macro   0x0000000000000000       0x3c ./myDriver/Src/EXTI.o
 .debug_macro   0x0000000000000000       0x34 ./myDriver/Src/EXTI.o
 .debug_macro   0x0000000000000000      0x174 ./myDriver/Src/EXTI.o
 .debug_macro   0x0000000000000000       0x16 ./myDriver/Src/EXTI.o
 .debug_macro   0x0000000000000000       0x43 ./myDriver/Src/EXTI.o
 .debug_macro   0x0000000000000000       0x34 ./myDriver/Src/EXTI.o
 .debug_macro   0x0000000000000000       0x10 ./myDriver/Src/EXTI.o
 .debug_macro   0x0000000000000000       0x58 ./myDriver/Src/EXTI.o
 .debug_macro   0x0000000000000000       0x71 ./myDriver/Src/EXTI.o
 .debug_macro   0x0000000000000000       0x1c ./myDriver/Src/EXTI.o
 .debug_macro   0x0000000000000000      0x12a ./myDriver/Src/EXTI.o
 .debug_macro   0x0000000000000000      0x339 ./myDriver/Src/EXTI.o
 .debug_macro   0x0000000000000000       0x10 ./myDriver/Src/EXTI.o
 .debug_macro   0x0000000000000000       0x35 ./myDriver/Src/EXTI.o
 .debug_macro   0x0000000000000000       0x20 ./myDriver/Src/EXTI.o
 .debug_macro   0x0000000000000000      0x2bc ./myDriver/Src/EXTI.o
 .debug_macro   0x0000000000000000       0x76 ./myDriver/Src/EXTI.o
 .debug_macro   0x0000000000000000      0x11e ./myDriver/Src/EXTI.o
 .debug_macro   0x0000000000000000       0x9a ./myDriver/Src/EXTI.o
 .group         0x0000000000000000        0xc ./myDriver/Src/GPIO.o
 .group         0x0000000000000000        0xc ./myDriver/Src/GPIO.o
 .group         0x0000000000000000        0xc ./myDriver/Src/GPIO.o
 .group         0x0000000000000000        0xc ./myDriver/Src/GPIO.o
 .group         0x0000000000000000        0xc ./myDriver/Src/GPIO.o
 .group         0x0000000000000000        0xc ./myDriver/Src/GPIO.o
 .group         0x0000000000000000        0xc ./myDriver/Src/GPIO.o
 .group         0x0000000000000000        0xc ./myDriver/Src/GPIO.o
 .group         0x0000000000000000        0xc ./myDriver/Src/GPIO.o
 .group         0x0000000000000000        0xc ./myDriver/Src/GPIO.o
 .group         0x0000000000000000        0xc ./myDriver/Src/GPIO.o
 .group         0x0000000000000000        0xc ./myDriver/Src/GPIO.o
 .group         0x0000000000000000        0xc ./myDriver/Src/GPIO.o
 .group         0x0000000000000000        0xc ./myDriver/Src/GPIO.o
 .group         0x0000000000000000        0xc ./myDriver/Src/GPIO.o
 .group         0x0000000000000000        0xc ./myDriver/Src/GPIO.o
 .group         0x0000000000000000        0xc ./myDriver/Src/GPIO.o
 .group         0x0000000000000000        0xc ./myDriver/Src/GPIO.o
 .group         0x0000000000000000        0xc ./myDriver/Src/GPIO.o
 .group         0x0000000000000000        0xc ./myDriver/Src/GPIO.o
 .group         0x0000000000000000        0xc ./myDriver/Src/GPIO.o
 .group         0x0000000000000000        0xc ./myDriver/Src/GPIO.o
 .group         0x0000000000000000        0xc ./myDriver/Src/GPIO.o
 .group         0x0000000000000000        0xc ./myDriver/Src/GPIO.o
 .group         0x0000000000000000        0xc ./myDriver/Src/GPIO.o
 .group         0x0000000000000000        0xc ./myDriver/Src/GPIO.o
 .group         0x0000000000000000        0xc ./myDriver/Src/GPIO.o
 .group         0x0000000000000000        0xc ./myDriver/Src/GPIO.o
 .group         0x0000000000000000        0xc ./myDriver/Src/GPIO.o
 .text          0x0000000000000000        0x0 ./myDriver/Src/GPIO.o
 .data          0x0000000000000000        0x0 ./myDriver/Src/GPIO.o
 .bss           0x0000000000000000        0x0 ./myDriver/Src/GPIO.o
 .text.GPIO_WritePin
                0x0000000000000000       0x32 ./myDriver/Src/GPIO.o
 .text.GPIO_ReadPin
                0x0000000000000000       0x2c ./myDriver/Src/GPIO.o
 .text.GPIO_LockPin
                0x0000000000000000       0x36 ./myDriver/Src/GPIO.o
 .text.GPIO_TogglePin
                0x0000000000000000       0x32 ./myDriver/Src/GPIO.o
 .debug_macro   0x0000000000000000      0xaa8 ./myDriver/Src/GPIO.o
 .debug_macro   0x0000000000000000       0x22 ./myDriver/Src/GPIO.o
 .debug_macro   0x0000000000000000       0x8e ./myDriver/Src/GPIO.o
 .debug_macro   0x0000000000000000       0x51 ./myDriver/Src/GPIO.o
 .debug_macro   0x0000000000000000      0x103 ./myDriver/Src/GPIO.o
 .debug_macro   0x0000000000000000       0x6a ./myDriver/Src/GPIO.o
 .debug_macro   0x0000000000000000      0x1df ./myDriver/Src/GPIO.o
 .debug_macro   0x0000000000000000       0x52 ./myDriver/Src/GPIO.o
 .debug_macro   0x0000000000000000       0x18 ./myDriver/Src/GPIO.o
 .debug_macro   0x0000000000000000       0x3c ./myDriver/Src/GPIO.o
 .debug_macro   0x0000000000000000       0x34 ./myDriver/Src/GPIO.o
 .debug_macro   0x0000000000000000      0x174 ./myDriver/Src/GPIO.o
 .debug_macro   0x0000000000000000       0x16 ./myDriver/Src/GPIO.o
 .debug_macro   0x0000000000000000       0x43 ./myDriver/Src/GPIO.o
 .debug_macro   0x0000000000000000       0x34 ./myDriver/Src/GPIO.o
 .debug_macro   0x0000000000000000       0x10 ./myDriver/Src/GPIO.o
 .debug_macro   0x0000000000000000       0x58 ./myDriver/Src/GPIO.o
 .debug_macro   0x0000000000000000       0x71 ./myDriver/Src/GPIO.o
 .debug_macro   0x0000000000000000       0x1c ./myDriver/Src/GPIO.o
 .debug_macro   0x0000000000000000      0x12a ./myDriver/Src/GPIO.o
 .debug_macro   0x0000000000000000      0x339 ./myDriver/Src/GPIO.o
 .debug_macro   0x0000000000000000       0x10 ./myDriver/Src/GPIO.o
 .debug_macro   0x0000000000000000       0x35 ./myDriver/Src/GPIO.o
 .debug_macro   0x0000000000000000       0x20 ./myDriver/Src/GPIO.o
 .debug_macro   0x0000000000000000      0x2bc ./myDriver/Src/GPIO.o
 .debug_macro   0x0000000000000000       0x76 ./myDriver/Src/GPIO.o
 .debug_macro   0x0000000000000000       0xb8 ./myDriver/Src/GPIO.o
 .debug_macro   0x0000000000000000       0x9a ./myDriver/Src/GPIO.o
 .group         0x0000000000000000        0xc ./myDriver/Src/RCC.o
 .group         0x0000000000000000        0xc ./myDriver/Src/RCC.o
 .group         0x0000000000000000        0xc ./myDriver/Src/RCC.o
 .group         0x0000000000000000        0xc ./myDriver/Src/RCC.o
 .group         0x0000000000000000        0xc ./myDriver/Src/RCC.o
 .group         0x0000000000000000        0xc ./myDriver/Src/RCC.o
 .group         0x0000000000000000        0xc ./myDriver/Src/RCC.o
 .group         0x0000000000000000        0xc ./myDriver/Src/RCC.o
 .group         0x0000000000000000        0xc ./myDriver/Src/RCC.o
 .group         0x0000000000000000        0xc ./myDriver/Src/RCC.o
 .group         0x0000000000000000        0xc ./myDriver/Src/RCC.o
 .group         0x0000000000000000        0xc ./myDriver/Src/RCC.o
 .group         0x0000000000000000        0xc ./myDriver/Src/RCC.o
 .group         0x0000000000000000        0xc ./myDriver/Src/RCC.o
 .group         0x0000000000000000        0xc ./myDriver/Src/RCC.o
 .group         0x0000000000000000        0xc ./myDriver/Src/RCC.o
 .group         0x0000000000000000        0xc ./myDriver/Src/RCC.o
 .group         0x0000000000000000        0xc ./myDriver/Src/RCC.o
 .group         0x0000000000000000        0xc ./myDriver/Src/RCC.o
 .group         0x0000000000000000        0xc ./myDriver/Src/RCC.o
 .group         0x0000000000000000        0xc ./myDriver/Src/RCC.o
 .group         0x0000000000000000        0xc ./myDriver/Src/RCC.o
 .group         0x0000000000000000        0xc ./myDriver/Src/RCC.o
 .group         0x0000000000000000        0xc ./myDriver/Src/RCC.o
 .group         0x0000000000000000        0xc ./myDriver/Src/RCC.o
 .group         0x0000000000000000        0xc ./myDriver/Src/RCC.o
 .group         0x0000000000000000        0xc ./myDriver/Src/RCC.o
 .group         0x0000000000000000        0xc ./myDriver/Src/RCC.o
 .group         0x0000000000000000        0xc ./myDriver/Src/RCC.o
 .text          0x0000000000000000        0x0 ./myDriver/Src/RCC.o
 .data          0x0000000000000000        0x0 ./myDriver/Src/RCC.o
 .bss           0x0000000000000000        0x0 ./myDriver/Src/RCC.o
 .debug_info    0x0000000000000000      0x911 ./myDriver/Src/RCC.o
 .debug_abbrev  0x0000000000000000      0x163 ./myDriver/Src/RCC.o
 .debug_aranges
                0x0000000000000000       0x18 ./myDriver/Src/RCC.o
 .debug_macro   0x0000000000000000      0x187 ./myDriver/Src/RCC.o
 .debug_macro   0x0000000000000000      0xaa8 ./myDriver/Src/RCC.o
 .debug_macro   0x0000000000000000       0x22 ./myDriver/Src/RCC.o
 .debug_macro   0x0000000000000000       0x8e ./myDriver/Src/RCC.o
 .debug_macro   0x0000000000000000       0x51 ./myDriver/Src/RCC.o
 .debug_macro   0x0000000000000000      0x103 ./myDriver/Src/RCC.o
 .debug_macro   0x0000000000000000       0x6a ./myDriver/Src/RCC.o
 .debug_macro   0x0000000000000000      0x1df ./myDriver/Src/RCC.o
 .debug_macro   0x0000000000000000       0x52 ./myDriver/Src/RCC.o
 .debug_macro   0x0000000000000000       0x18 ./myDriver/Src/RCC.o
 .debug_macro   0x0000000000000000       0x3c ./myDriver/Src/RCC.o
 .debug_macro   0x0000000000000000       0x34 ./myDriver/Src/RCC.o
 .debug_macro   0x0000000000000000      0x174 ./myDriver/Src/RCC.o
 .debug_macro   0x0000000000000000       0x16 ./myDriver/Src/RCC.o
 .debug_macro   0x0000000000000000       0x43 ./myDriver/Src/RCC.o
 .debug_macro   0x0000000000000000       0x34 ./myDriver/Src/RCC.o
 .debug_macro   0x0000000000000000       0x10 ./myDriver/Src/RCC.o
 .debug_macro   0x0000000000000000       0x58 ./myDriver/Src/RCC.o
 .debug_macro   0x0000000000000000       0x71 ./myDriver/Src/RCC.o
 .debug_macro   0x0000000000000000       0x1c ./myDriver/Src/RCC.o
 .debug_macro   0x0000000000000000      0x12a ./myDriver/Src/RCC.o
 .debug_macro   0x0000000000000000      0x339 ./myDriver/Src/RCC.o
 .debug_macro   0x0000000000000000       0x10 ./myDriver/Src/RCC.o
 .debug_macro   0x0000000000000000       0x35 ./myDriver/Src/RCC.o
 .debug_macro   0x0000000000000000       0x20 ./myDriver/Src/RCC.o
 .debug_macro   0x0000000000000000      0x2bc ./myDriver/Src/RCC.o
 .debug_macro   0x0000000000000000       0xb2 ./myDriver/Src/RCC.o
 .debug_macro   0x0000000000000000      0x11e ./myDriver/Src/RCC.o
 .debug_macro   0x0000000000000000       0x9a ./myDriver/Src/RCC.o
 .debug_macro   0x0000000000000000       0x76 ./myDriver/Src/RCC.o
 .debug_line    0x0000000000000000      0x52f ./myDriver/Src/RCC.o
 .debug_str     0x0000000000000000     0x9929 ./myDriver/Src/RCC.o
 .comment       0x0000000000000000       0x54 ./myDriver/Src/RCC.o
 .ARM.attributes
                0x0000000000000000       0x33 ./myDriver/Src/RCC.o
 .group         0x0000000000000000        0xc ./myDriver/Src/SPI.o
 .group         0x0000000000000000        0xc ./myDriver/Src/SPI.o
 .group         0x0000000000000000        0xc ./myDriver/Src/SPI.o
 .group         0x0000000000000000        0xc ./myDriver/Src/SPI.o
 .group         0x0000000000000000        0xc ./myDriver/Src/SPI.o
 .group         0x0000000000000000        0xc ./myDriver/Src/SPI.o
 .group         0x0000000000000000        0xc ./myDriver/Src/SPI.o
 .group         0x0000000000000000        0xc ./myDriver/Src/SPI.o
 .group         0x0000000000000000        0xc ./myDriver/Src/SPI.o
 .group         0x0000000000000000        0xc ./myDriver/Src/SPI.o
 .group         0x0000000000000000        0xc ./myDriver/Src/SPI.o
 .group         0x0000000000000000        0xc ./myDriver/Src/SPI.o
 .group         0x0000000000000000        0xc ./myDriver/Src/SPI.o
 .group         0x0000000000000000        0xc ./myDriver/Src/SPI.o
 .group         0x0000000000000000        0xc ./myDriver/Src/SPI.o
 .group         0x0000000000000000        0xc ./myDriver/Src/SPI.o
 .group         0x0000000000000000        0xc ./myDriver/Src/SPI.o
 .group         0x0000000000000000        0xc ./myDriver/Src/SPI.o
 .group         0x0000000000000000        0xc ./myDriver/Src/SPI.o
 .group         0x0000000000000000        0xc ./myDriver/Src/SPI.o
 .group         0x0000000000000000        0xc ./myDriver/Src/SPI.o
 .group         0x0000000000000000        0xc ./myDriver/Src/SPI.o
 .group         0x0000000000000000        0xc ./myDriver/Src/SPI.o
 .group         0x0000000000000000        0xc ./myDriver/Src/SPI.o
 .group         0x0000000000000000        0xc ./myDriver/Src/SPI.o
 .group         0x0000000000000000        0xc ./myDriver/Src/SPI.o
 .group         0x0000000000000000        0xc ./myDriver/Src/SPI.o
 .group         0x0000000000000000        0xc ./myDriver/Src/SPI.o
 .group         0x0000000000000000        0xc ./myDriver/Src/SPI.o
 .text          0x0000000000000000        0x0 ./myDriver/Src/SPI.o
 .data          0x0000000000000000        0x0 ./myDriver/Src/SPI.o
 .bss           0x0000000000000000        0x0 ./myDriver/Src/SPI.o
 .text.SPI_ReceiveData
                0x0000000000000000       0x7e ./myDriver/Src/SPI.o
 .debug_macro   0x0000000000000000      0xaa8 ./myDriver/Src/SPI.o
 .debug_macro   0x0000000000000000       0x22 ./myDriver/Src/SPI.o
 .debug_macro   0x0000000000000000       0x8e ./myDriver/Src/SPI.o
 .debug_macro   0x0000000000000000       0x51 ./myDriver/Src/SPI.o
 .debug_macro   0x0000000000000000      0x103 ./myDriver/Src/SPI.o
 .debug_macro   0x0000000000000000       0x6a ./myDriver/Src/SPI.o
 .debug_macro   0x0000000000000000      0x1df ./myDriver/Src/SPI.o
 .debug_macro   0x0000000000000000       0x52 ./myDriver/Src/SPI.o
 .debug_macro   0x0000000000000000       0x18 ./myDriver/Src/SPI.o
 .debug_macro   0x0000000000000000       0x3c ./myDriver/Src/SPI.o
 .debug_macro   0x0000000000000000       0x34 ./myDriver/Src/SPI.o
 .debug_macro   0x0000000000000000      0x174 ./myDriver/Src/SPI.o
 .debug_macro   0x0000000000000000       0x16 ./myDriver/Src/SPI.o
 .debug_macro   0x0000000000000000       0x43 ./myDriver/Src/SPI.o
 .debug_macro   0x0000000000000000       0x34 ./myDriver/Src/SPI.o
 .debug_macro   0x0000000000000000       0x10 ./myDriver/Src/SPI.o
 .debug_macro   0x0000000000000000       0x58 ./myDriver/Src/SPI.o
 .debug_macro   0x0000000000000000       0x71 ./myDriver/Src/SPI.o
 .debug_macro   0x0000000000000000       0x1c ./myDriver/Src/SPI.o
 .debug_macro   0x0000000000000000      0x12a ./myDriver/Src/SPI.o
 .debug_macro   0x0000000000000000      0x339 ./myDriver/Src/SPI.o
 .debug_macro   0x0000000000000000       0x10 ./myDriver/Src/SPI.o
 .debug_macro   0x0000000000000000       0x35 ./myDriver/Src/SPI.o
 .debug_macro   0x0000000000000000       0x20 ./myDriver/Src/SPI.o
 .debug_macro   0x0000000000000000      0x2bc ./myDriver/Src/SPI.o
 .debug_macro   0x0000000000000000       0x76 ./myDriver/Src/SPI.o
 .debug_macro   0x0000000000000000       0xb8 ./myDriver/Src/SPI.o
 .debug_macro   0x0000000000000000      0x11e ./myDriver/Src/SPI.o
 .text          0x0000000000000000        0x0 c:/st/stm32cubeide_1.7.0/stm32cubeide/plugins/com.st.stm32cube.ide.mcu.externaltools.gnu-tools-for-stm32.9-2020-q2-update.win32_2.0.0.202105311346/tools/bin/../lib/gcc/arm-none-eabi/9.3.1/../../../../arm-none-eabi/lib/thumb/v7e-m/nofp\libc_nano.a(lib_a-errno.o)
 .data          0x0000000000000000        0x0 c:/st/stm32cubeide_1.7.0/stm32cubeide/plugins/com.st.stm32cube.ide.mcu.externaltools.gnu-tools-for-stm32.9-2020-q2-update.win32_2.0.0.202105311346/tools/bin/../lib/gcc/arm-none-eabi/9.3.1/../../../../arm-none-eabi/lib/thumb/v7e-m/nofp\libc_nano.a(lib_a-errno.o)
 .bss           0x0000000000000000        0x0 c:/st/stm32cubeide_1.7.0/stm32cubeide/plugins/com.st.stm32cube.ide.mcu.externaltools.gnu-tools-for-stm32.9-2020-q2-update.win32_2.0.0.202105311346/tools/bin/../lib/gcc/arm-none-eabi/9.3.1/../../../../arm-none-eabi/lib/thumb/v7e-m/nofp\libc_nano.a(lib_a-errno.o)
 .text.__errno  0x0000000000000000        0xc c:/st/stm32cubeide_1.7.0/stm32cubeide/plugins/com.st.stm32cube.ide.mcu.externaltools.gnu-tools-for-stm32.9-2020-q2-update.win32_2.0.0.202105311346/tools/bin/../lib/gcc/arm-none-eabi/9.3.1/../../../../arm-none-eabi/lib/thumb/v7e-m/nofp\libc_nano.a(lib_a-errno.o)
 .debug_frame   0x0000000000000000       0x20 c:/st/stm32cubeide_1.7.0/stm32cubeide/plugins/com.st.stm32cube.ide.mcu.externaltools.gnu-tools-for-stm32.9-2020-q2-update.win32_2.0.0.202105311346/tools/bin/../lib/gcc/arm-none-eabi/9.3.1/../../../../arm-none-eabi/lib/thumb/v7e-m/nofp\libc_nano.a(lib_a-errno.o)
 .ARM.attributes
                0x0000000000000000       0x2e c:/st/stm32cubeide_1.7.0/stm32cubeide/plugins/com.st.stm32cube.ide.mcu.externaltools.gnu-tools-for-stm32.9-2020-q2-update.win32_2.0.0.202105311346/tools/bin/../lib/gcc/arm-none-eabi/9.3.1/../../../../arm-none-eabi/lib/thumb/v7e-m/nofp\libc_nano.a(lib_a-errno.o)
 .text          0x0000000000000000        0x0 c:/st/stm32cubeide_1.7.0/stm32cubeide/plugins/com.st.stm32cube.ide.mcu.externaltools.gnu-tools-for-stm32.9-2020-q2-update.win32_2.0.0.202105311346/tools/bin/../lib/gcc/arm-none-eabi/9.3.1/../../../../arm-none-eabi/lib/thumb/v7e-m/nofp\libc_nano.a(lib_a-exit.o)
 .data          0x0000000000000000        0x0 c:/st/stm32cubeide_1.7.0/stm32cubeide/plugins/com.st.stm32cube.ide.mcu.externaltools.gnu-tools-for-stm32.9-2020-q2-update.win32_2.0.0.202105311346/tools/bin/../lib/gcc/arm-none-eabi/9.3.1/../../../../arm-none-eabi/lib/thumb/v7e-m/nofp\libc_nano.a(lib_a-exit.o)
 .bss           0x0000000000000000        0x0 c:/st/stm32cubeide_1.7.0/stm32cubeide/plugins/com.st.stm32cube.ide.mcu.externaltools.gnu-tools-for-stm32.9-2020-q2-update.win32_2.0.0.202105311346/tools/bin/../lib/gcc/arm-none-eabi/9.3.1/../../../../arm-none-eabi/lib/thumb/v7e-m/nofp\libc_nano.a(lib_a-exit.o)
 .text.exit     0x0000000000000000       0x28 c:/st/stm32cubeide_1.7.0/stm32cubeide/plugins/com.st.stm32cube.ide.mcu.externaltools.gnu-tools-for-stm32.9-2020-q2-update.win32_2.0.0.202105311346/tools/bin/../lib/gcc/arm-none-eabi/9.3.1/../../../../arm-none-eabi/lib/thumb/v7e-m/nofp\libc_nano.a(lib_a-exit.o)
 .debug_frame   0x0000000000000000       0x28 c:/st/stm32cubeide_1.7.0/stm32cubeide/plugins/com.st.stm32cube.ide.mcu.externaltools.gnu-tools-for-stm32.9-2020-q2-update.win32_2.0.0.202105311346/tools/bin/../lib/gcc/arm-none-eabi/9.3.1/../../../../arm-none-eabi/lib/thumb/v7e-m/nofp\libc_nano.a(lib_a-exit.o)
 .ARM.attributes
                0x0000000000000000       0x2e c:/st/stm32cubeide_1.7.0/stm32cubeide/plugins/com.st.stm32cube.ide.mcu.externaltools.gnu-tools-for-stm32.9-2020-q2-update.win32_2.0.0.202105311346/tools/bin/../lib/gcc/arm-none-eabi/9.3.1/../../../../arm-none-eabi/lib/thumb/v7e-m/nofp\libc_nano.a(lib_a-exit.o)
 .text          0x0000000000000000        0x0 c:/st/stm32cubeide_1.7.0/stm32cubeide/plugins/com.st.stm32cube.ide.mcu.externaltools.gnu-tools-for-stm32.9-2020-q2-update.win32_2.0.0.202105311346/tools/bin/../lib/gcc/arm-none-eabi/9.3.1/../../../../arm-none-eabi/lib/thumb/v7e-m/nofp\libc_nano.a(lib_a-impure.o)
 .data          0x0000000000000000        0x0 c:/st/stm32cubeide_1.7.0/stm32cubeide/plugins/com.st.stm32cube.ide.mcu.externaltools.gnu-tools-for-stm32.9-2020-q2-update.win32_2.0.0.202105311346/tools/bin/../lib/gcc/arm-none-eabi/9.3.1/../../../../arm-none-eabi/lib/thumb/v7e-m/nofp\libc_nano.a(lib_a-impure.o)
 .bss           0x0000000000000000        0x0 c:/st/stm32cubeide_1.7.0/stm32cubeide/plugins/com.st.stm32cube.ide.mcu.externaltools.gnu-tools-for-stm32.9-2020-q2-update.win32_2.0.0.202105311346/tools/bin/../lib/gcc/arm-none-eabi/9.3.1/../../../../arm-none-eabi/lib/thumb/v7e-m/nofp\libc_nano.a(lib_a-impure.o)
 .data._impure_ptr
                0x0000000000000000        0x4 c:/st/stm32cubeide_1.7.0/stm32cubeide/plugins/com.st.stm32cube.ide.mcu.externaltools.gnu-tools-for-stm32.9-2020-q2-update.win32_2.0.0.202105311346/tools/bin/../lib/gcc/arm-none-eabi/9.3.1/../../../../arm-none-eabi/lib/thumb/v7e-m/nofp\libc_nano.a(lib_a-impure.o)
 .data.impure_data
                0x0000000000000000       0x60 c:/st/stm32cubeide_1.7.0/stm32cubeide/plugins/com.st.stm32cube.ide.mcu.externaltools.gnu-tools-for-stm32.9-2020-q2-update.win32_2.0.0.202105311346/tools/bin/../lib/gcc/arm-none-eabi/9.3.1/../../../../arm-none-eabi/lib/thumb/v7e-m/nofp\libc_nano.a(lib_a-impure.o)
 .rodata._global_impure_ptr
                0x0000000000000000        0x4 c:/st/stm32cubeide_1.7.0/stm32cubeide/plugins/com.st.stm32cube.ide.mcu.externaltools.gnu-tools-for-stm32.9-2020-q2-update.win32_2.0.0.202105311346/tools/bin/../lib/gcc/arm-none-eabi/9.3.1/../../../../arm-none-eabi/lib/thumb/v7e-m/nofp\libc_nano.a(lib_a-impure.o)
 .ARM.attributes
                0x0000000000000000       0x2e c:/st/stm32cubeide_1.7.0/stm32cubeide/plugins/com.st.stm32cube.ide.mcu.externaltools.gnu-tools-for-stm32.9-2020-q2-update.win32_2.0.0.202105311346/tools/bin/../lib/gcc/arm-none-eabi/9.3.1/../../../../arm-none-eabi/lib/thumb/v7e-m/nofp\libc_nano.a(lib_a-impure.o)
 .text          0x0000000000000000        0x0 c:/st/stm32cubeide_1.7.0/stm32cubeide/plugins/com.st.stm32cube.ide.mcu.externaltools.gnu-tools-for-stm32.9-2020-q2-update.win32_2.0.0.202105311346/tools/bin/../lib/gcc/arm-none-eabi/9.3.1/../../../../arm-none-eabi/lib/thumb/v7e-m/nofp\libc_nano.a(lib_a-init.o)
 .data          0x0000000000000000        0x0 c:/st/stm32cubeide_1.7.0/stm32cubeide/plugins/com.st.stm32cube.ide.mcu.externaltools.gnu-tools-for-stm32.9-2020-q2-update.win32_2.0.0.202105311346/tools/bin/../lib/gcc/arm-none-eabi/9.3.1/../../../../arm-none-eabi/lib/thumb/v7e-m/nofp\libc_nano.a(lib_a-init.o)
 .bss           0x0000000000000000        0x0 c:/st/stm32cubeide_1.7.0/stm32cubeide/plugins/com.st.stm32cube.ide.mcu.externaltools.gnu-tools-for-stm32.9-2020-q2-update.win32_2.0.0.202105311346/tools/bin/../lib/gcc/arm-none-eabi/9.3.1/../../../../arm-none-eabi/lib/thumb/v7e-m/nofp\libc_nano.a(lib_a-init.o)
 .text          0x0000000000000000        0x0 c:/st/stm32cubeide_1.7.0/stm32cubeide/plugins/com.st.stm32cube.ide.mcu.externaltools.gnu-tools-for-stm32.9-2020-q2-update.win32_2.0.0.202105311346/tools/bin/../lib/gcc/arm-none-eabi/9.3.1/../../../../arm-none-eabi/lib/thumb/v7e-m/nofp\libc_nano.a(lib_a-memset.o)
 .data          0x0000000000000000        0x0 c:/st/stm32cubeide_1.7.0/stm32cubeide/plugins/com.st.stm32cube.ide.mcu.externaltools.gnu-tools-for-stm32.9-2020-q2-update.win32_2.0.0.202105311346/tools/bin/../lib/gcc/arm-none-eabi/9.3.1/../../../../arm-none-eabi/lib/thumb/v7e-m/nofp\libc_nano.a(lib_a-memset.o)
 .bss           0x0000000000000000        0x0 c:/st/stm32cubeide_1.7.0/stm32cubeide/plugins/com.st.stm32cube.ide.mcu.externaltools.gnu-tools-for-stm32.9-2020-q2-update.win32_2.0.0.202105311346/tools/bin/../lib/gcc/arm-none-eabi/9.3.1/../../../../arm-none-eabi/lib/thumb/v7e-m/nofp\libc_nano.a(lib_a-memset.o)
 .data          0x0000000000000000        0x0 c:/st/stm32cubeide_1.7.0/stm32cubeide/plugins/com.st.stm32cube.ide.mcu.externaltools.gnu-tools-for-stm32.9-2020-q2-update.win32_2.0.0.202105311346/tools/bin/../lib/gcc/arm-none-eabi/9.3.1/../../../../arm-none-eabi/lib/thumb/v7e-m/nofp\libc_nano.a(lib_a-strlen.o)
 .bss           0x0000000000000000        0x0 c:/st/stm32cubeide_1.7.0/stm32cubeide/plugins/com.st.stm32cube.ide.mcu.externaltools.gnu-tools-for-stm32.9-2020-q2-update.win32_2.0.0.202105311346/tools/bin/../lib/gcc/arm-none-eabi/9.3.1/../../../../arm-none-eabi/lib/thumb/v7e-m/nofp\libc_nano.a(lib_a-strlen.o)
 .text          0x0000000000000000        0x0 c:/st/stm32cubeide_1.7.0/stm32cubeide/plugins/com.st.stm32cube.ide.mcu.externaltools.gnu-tools-for-stm32.9-2020-q2-update.win32_2.0.0.202105311346/tools/bin/../lib/gcc/arm-none-eabi/9.3.1/thumb/v7e-m/nofp/crtend.o
 .data          0x0000000000000000        0x0 c:/st/stm32cubeide_1.7.0/stm32cubeide/plugins/com.st.stm32cube.ide.mcu.externaltools.gnu-tools-for-stm32.9-2020-q2-update.win32_2.0.0.202105311346/tools/bin/../lib/gcc/arm-none-eabi/9.3.1/thumb/v7e-m/nofp/crtend.o
 .bss           0x0000000000000000        0x0 c:/st/stm32cubeide_1.7.0/stm32cubeide/plugins/com.st.stm32cube.ide.mcu.externaltools.gnu-tools-for-stm32.9-2020-q2-update.win32_2.0.0.202105311346/tools/bin/../lib/gcc/arm-none-eabi/9.3.1/thumb/v7e-m/nofp/crtend.o
 .eh_frame      0x0000000000000000        0x4 c:/st/stm32cubeide_1.7.0/stm32cubeide/plugins/com.st.stm32cube.ide.mcu.externaltools.gnu-tools-for-stm32.9-2020-q2-update.win32_2.0.0.202105311346/tools/bin/../lib/gcc/arm-none-eabi/9.3.1/thumb/v7e-m/nofp/crtend.o
 .ARM.attributes
                0x0000000000000000       0x2e c:/st/stm32cubeide_1.7.0/stm32cubeide/plugins/com.st.stm32cube.ide.mcu.externaltools.gnu-tools-for-stm32.9-2020-q2-update.win32_2.0.0.202105311346/tools/bin/../lib/gcc/arm-none-eabi/9.3.1/thumb/v7e-m/nofp/crtend.o
 .text          0x0000000000000000        0x0 c:/st/stm32cubeide_1.7.0/stm32cubeide/plugins/com.st.stm32cube.ide.mcu.externaltools.gnu-tools-for-stm32.9-2020-q2-update.win32_2.0.0.202105311346/tools/bin/../lib/gcc/arm-none-eabi/9.3.1/thumb/v7e-m/nofp/crtn.o
 .data          0x0000000000000000        0x0 c:/st/stm32cubeide_1.7.0/stm32cubeide/plugins/com.st.stm32cube.ide.mcu.externaltools.gnu-tools-for-stm32.9-2020-q2-update.win32_2.0.0.202105311346/tools/bin/../lib/gcc/arm-none-eabi/9.3.1/thumb/v7e-m/nofp/crtn.o
 .bss           0x0000000000000000        0x0 c:/st/stm32cubeide_1.7.0/stm32cubeide/plugins/com.st.stm32cube.ide.mcu.externaltools.gnu-tools-for-stm32.9-2020-q2-update.win32_2.0.0.202105311346/tools/bin/../lib/gcc/arm-none-eabi/9.3.1/thumb/v7e-m/nofp/crtn.o

Memory Configuration

Name             Origin             Length             Attributes
CCMRAM           0x0000000010000000 0x0000000000010000 xrw
RAM              0x0000000020000000 0x0000000000020000 xrw
FLASH            0x0000000008000000 0x0000000000100000 xr
*default*        0x0000000000000000 0xffffffffffffffff

Linker script and memory map

LOAD c:/st/stm32cubeide_1.7.0/stm32cubeide/plugins/com.st.stm32cube.ide.mcu.externaltools.gnu-tools-for-stm32.9-2020-q2-update.win32_2.0.0.202105311346/tools/bin/../lib/gcc/arm-none-eabi/9.3.1/thumb/v7e-m/nofp/crti.o
LOAD c:/st/stm32cubeide_1.7.0/stm32cubeide/plugins/com.st.stm32cube.ide.mcu.externaltools.gnu-tools-for-stm32.9-2020-q2-update.win32_2.0.0.202105311346/tools/bin/../lib/gcc/arm-none-eabi/9.3.1/thumb/v7e-m/nofp/crtbegin.o
LOAD c:/st/stm32cubeide_1.7.0/stm32cubeide/plugins/com.st.stm32cube.ide.mcu.externaltools.gnu-tools-for-stm32.9-2020-q2-update.win32_2.0.0.202105311346/tools/bin/../lib/gcc/arm-none-eabi/9.3.1/../../../../arm-none-eabi/lib/thumb/v7e-m/nofp/crt0.o
LOAD ./Src/main.o
LOAD ./Src/syscalls.o
LOAD ./Src/sysmem.o
LOAD ./Startup/startup_stm32f407vgtx.o
LOAD ./myDriver/Src/EXTI.o
LOAD ./myDriver/Src/GPIO.o
LOAD ./myDriver/Src/RCC.o
LOAD ./myDriver/Src/SPI.o
START GROUP
LOAD c:/st/stm32cubeide_1.7.0/stm32cubeide/plugins/com.st.stm32cube.ide.mcu.externaltools.gnu-tools-for-stm32.9-2020-q2-update.win32_2.0.0.202105311346/tools/bin/../lib/gcc/arm-none-eabi/9.3.1/../../../../arm-none-eabi/lib/thumb/v7e-m/nofp\libc_nano.a
LOAD c:/st/stm32cubeide_1.7.0/stm32cubeide/plugins/com.st.stm32cube.ide.mcu.externaltools.gnu-tools-for-stm32.9-2020-q2-update.win32_2.0.0.202105311346/tools/bin/../lib/gcc/arm-none-eabi/9.3.1/../../../../arm-none-eabi/lib/thumb/v7e-m/nofp\libm.a
END GROUP
START GROUP
LOAD c:/st/stm32cubeide_1.7.0/stm32cubeide/plugins/com.st.stm32cube.ide.mcu.externaltools.gnu-tools-for-stm32.9-2020-q2-update.win32_2.0.0.202105311346/tools/bin/../lib/gcc/arm-none-eabi/9.3.1/thumb/v7e-m/nofp\libgcc.a
LOAD c:/st/stm32cubeide_1.7.0/stm32cubeide/plugins/com.st.stm32cube.ide.mcu.externaltools.gnu-tools-for-stm32.9-2020-q2-update.win32_2.0.0.202105311346/tools/bin/../lib/gcc/arm-none-eabi/9.3.1/../../../../arm-none-eabi/lib/thumb/v7e-m/nofp\libc_nano.a
END GROUP
START GROUP
LOAD c:/st/stm32cubeide_1.7.0/stm32cubeide/plugins/com.st.stm32cube.ide.mcu.externaltools.gnu-tools-for-stm32.9-2020-q2-update.win32_2.0.0.202105311346/tools/bin/../lib/gcc/arm-none-eabi/9.3.1/thumb/v7e-m/nofp\libgcc.a
LOAD c:/st/stm32cubeide_1.7.0/stm32cubeide/plugins/com.st.stm32cube.ide.mcu.externaltools.gnu-tools-for-stm32.9-2020-q2-update.win32_2.0.0.202105311346/tools/bin/../lib/gcc/arm-none-eabi/9.3.1/../../../../arm-none-eabi/lib/thumb/v7e-m/nofp\libc_nano.a
LOAD c:/st/stm32cubeide_1.7.0/stm32cubeide/plugins/com.st.stm32cube.ide.mcu.externaltools.gnu-tools-for-stm32.9-2020-q2-update.win32_2.0.0.202105311346/tools/bin/../lib/gcc/arm-none-eabi/9.3.1/../../../../arm-none-eabi/lib/thumb/v7e-m/nofp\libnosys.a
END GROUP
START GROUP
LOAD c:/st/stm32cubeide_1.7.0/stm32cubeide/plugins/com.st.stm32cube.ide.mcu.externaltools.gnu-tools-for-stm32.9-2020-q2-update.win32_2.0.0.202105311346/tools/bin/../lib/gcc/arm-none-eabi/9.3.1/thumb/v7e-m/nofp\libgcc.a
LOAD c:/st/stm32cubeide_1.7.0/stm32cubeide/plugins/com.st.stm32cube.ide.mcu.externaltools.gnu-tools-for-stm32.9-2020-q2-update.win32_2.0.0.202105311346/tools/bin/../lib/gcc/arm-none-eabi/9.3.1/../../../../arm-none-eabi/lib/thumb/v7e-m/nofp\libc_nano.a
LOAD c:/st/stm32cubeide_1.7.0/stm32cubeide/plugins/com.st.stm32cube.ide.mcu.externaltools.gnu-tools-for-stm32.9-2020-q2-update.win32_2.0.0.202105311346/tools/bin/../lib/gcc/arm-none-eabi/9.3.1/../../../../arm-none-eabi/lib/thumb/v7e-m/nofp\libnosys.a
END GROUP
LOAD c:/st/stm32cubeide_1.7.0/stm32cubeide/plugins/com.st.stm32cube.ide.mcu.externaltools.gnu-tools-for-stm32.9-2020-q2-update.win32_2.0.0.202105311346/tools/bin/../lib/gcc/arm-none-eabi/9.3.1/thumb/v7e-m/nofp/crtend.o
LOAD c:/st/stm32cubeide_1.7.0/stm32cubeide/plugins/com.st.stm32cube.ide.mcu.externaltools.gnu-tools-for-stm32.9-2020-q2-update.win32_2.0.0.202105311346/tools/bin/../lib/gcc/arm-none-eabi/9.3.1/thumb/v7e-m/nofp/crtn.o
                0x0000000020020000                _estack = (ORIGIN (RAM) + LENGTH (RAM))
                0x0000000000000200                _Min_Heap_Size = 0x200
                0x0000000000000400                _Min_Stack_Size = 0x400

.isr_vector     0x0000000008000000      0x1a8
                0x0000000008000000                . = ALIGN (0x4)
 *(.isr_vector)
 .isr_vector    0x0000000008000000      0x1a8 ./Startup/startup_stm32f407vgtx.o
                0x0000000008000000                g_pfnVectors
                0x00000000080001a8                . = ALIGN (0x4)

.text           0x00000000080001a8      0x7cc
                0x00000000080001a8                . = ALIGN (0x4)
 *(.text)
 .text          0x00000000080001a8       0x40 c:/st/stm32cubeide_1.7.0/stm32cubeide/plugins/com.st.stm32cube.ide.mcu.externaltools.gnu-tools-for-stm32.9-2020-q2-update.win32_2.0.0.202105311346/tools/bin/../lib/gcc/arm-none-eabi/9.3.1/thumb/v7e-m/nofp/crtbegin.o
 .text          0x00000000080001e8       0x10 c:/st/stm32cubeide_1.7.0/stm32cubeide/plugins/com.st.stm32cube.ide.mcu.externaltools.gnu-tools-for-stm32.9-2020-q2-update.win32_2.0.0.202105311346/tools/bin/../lib/gcc/arm-none-eabi/9.3.1/../../../../arm-none-eabi/lib/thumb/v7e-m/nofp\libc_nano.a(lib_a-strlen.o)
                0x00000000080001e8                strlen
 *(.text*)
 .text.EXTI0_IRQHandler
                0x00000000080001f8       0x54 ./Src/main.o
                0x00000000080001f8                EXTI0_IRQHandler
 .text.main     0x000000000800024c       0x16 ./Src/main.o
                0x000000000800024c                main
 *fill*         0x0000000008000262        0x2 
 .text.GPIO_LedConfig
                0x0000000008000264       0xa0 ./Src/main.o
 .text.GPIO_ButtonInterruptConfg
                0x0000000008000304       0x58 ./Src/main.o
 .text.SPI_Config
                0x000000000800035c       0x7c ./Src/main.o
 .text.SPI_GPIO_Config
                0x00000000080003d8       0x44 ./Src/main.o
 .text.Reset_Handler
                0x000000000800041c       0x50 ./Startup/startup_stm32f407vgtx.o
                0x000000000800041c                Reset_Handler
 .text.Default_Handler
                0x000000000800046c        0x2 ./Startup/startup_stm32f407vgtx.o
                0x000000000800046c                RTC_Alarm_IRQHandler
                0x000000000800046c                HASH_RNG_IRQHandler
                0x000000000800046c                EXTI2_IRQHandler
                0x000000000800046c                TIM8_CC_IRQHandler
                0x000000000800046c                DebugMon_Handler
                0x000000000800046c                TIM1_CC_IRQHandler
                0x000000000800046c                DMA2_Stream5_IRQHandler
                0x000000000800046c                HardFault_Handler
                0x000000000800046c                DMA1_Stream5_IRQHandler
                0x000000000800046c                SysTick_Handler
                0x000000000800046c                PVD_IRQHandler
                0x000000000800046c                SDIO_IRQHandler
                0x000000000800046c                TAMP_STAMP_IRQHandler
                0x000000000800046c                PendSV_Handler
                0x000000000800046c                NMI_Handler
                0x000000000800046c                CAN2_RX1_IRQHandler
                0x000000000800046c                EXTI3_IRQHandler
                0x000000000800046c                TIM8_TRG_COM_TIM14_IRQHandler
                0x000000000800046c                TIM1_UP_TIM10_IRQHandler
                0x000000000800046c                TIM8_UP_TIM13_IRQHandler
                0x000000000800046c                I2C3_ER_IRQHandler
                0x000000000800046c                LCD_TFT_IRQHandler
                0x000000000800046c                I2C2_EV_IRQHandler
                0x000000000800046c                DMA1_Stream2_IRQHandler
                0x000000000800046c                CAN1_RX0_IRQHandler
                0x000000000800046c                FPU_IRQHandler
                0x000000000800046c                OTG_HS_WKUP_IRQHandler
                0x000000000800046c                UsageFault_Handler
                0x000000000800046c                CAN2_SCE_IRQHandler
                0x000000000800046c                DMA2_Stream2_IRQHandler
                0x000000000800046c                SPI1_IRQHandler
                0x000000000800046c                TIM6_DAC_IRQHandler
                0x000000000800046c                TIM1_BRK_TIM9_IRQHandler
                0x000000000800046c                DCMI_IRQHandler
                0x000000000800046c                CAN2_RX0_IRQHandler
                0x000000000800046c                DMA2_Stream3_IRQHandler
                0x000000000800046c                USART6_IRQHandler
                0x000000000800046c                USART3_IRQHandler
                0x000000000800046c                CRYP_IRQHandler
                0x000000000800046c                CAN1_RX1_IRQHandler
                0x000000000800046c                UART5_IRQHandler
                0x000000000800046c                DMA2_Stream0_IRQHandler
                0x000000000800046c                TIM4_IRQHandler
                0x000000000800046c                I2C1_EV_IRQHandler
                0x000000000800046c                DMA1_Stream6_IRQHandler
                0x000000000800046c                DMA1_Stream1_IRQHandler
                0x000000000800046c                UART4_IRQHandler
                0x000000000800046c                LCD_TFT_1_IRQHandler
                0x000000000800046c                TIM3_IRQHandler
                0x000000000800046c                RCC_IRQHandler
                0x000000000800046c                TIM8_BRK_TIM12_IRQHandler
                0x000000000800046c                Default_Handler
                0x000000000800046c                EXTI15_10_IRQHandler
                0x000000000800046c                ADC_IRQHandler
                0x000000000800046c                DMA1_Stream7_IRQHandler
                0x000000000800046c                TIM7_IRQHandler
                0x000000000800046c                CAN2_TX_IRQHandler
                0x000000000800046c                TIM5_IRQHandler
                0x000000000800046c                DMA2_Stream7_IRQHandler
                0x000000000800046c                I2C3_EV_IRQHandler
                0x000000000800046c                EXTI9_5_IRQHandler
                0x000000000800046c                RTC_WKUP_IRQHandler
                0x000000000800046c                ETH_WKUP_IRQHandler
                0x000000000800046c                SPI2_IRQHandler
                0x000000000800046c                OTG_HS_EP1_IN_IRQHandler
                0x000000000800046c                MemManage_Handler
                0x000000000800046c                DMA1_Stream0_IRQHandler
                0x000000000800046c                CAN1_TX_IRQHandler
                0x000000000800046c                SVC_Handler
                0x000000000800046c                EXTI4_IRQHandler
                0x000000000800046c                FSMC_IRQHandler
                0x000000000800046c                ETH_IRQHandler
                0x000000000800046c                OTG_HS_EP1_OUT_IRQHandler
                0x000000000800046c                WWDG_IRQHandler
                0x000000000800046c                TIM2_IRQHandler
                0x000000000800046c                OTG_FS_WKUP_IRQHandler
                0x000000000800046c                TIM1_TRG_COM_TIM11_IRQHandler
                0x000000000800046c                OTG_HS_IRQHandler
                0x000000000800046c                EXTI1_IRQHandler
                0x000000000800046c                USART2_IRQHandler
                0x000000000800046c                I2C2_ER_IRQHandler
                0x000000000800046c                DMA2_Stream1_IRQHandler
                0x000000000800046c                CAN1_SCE_IRQHandler
                0x000000000800046c                DMA2_Stream4_IRQHandler
                0x000000000800046c                BusFault_Handler
                0x000000000800046c                USART1_IRQHandler
                0x000000000800046c                OTG_FS_IRQHandler
                0x000000000800046c                SPI3_IRQHandler
                0x000000000800046c                DMA1_Stream4_IRQHandler
                0x000000000800046c                I2C1_ER_IRQHandler
                0x000000000800046c                DMA2_Stream6_IRQHandler
                0x000000000800046c                DMA1_Stream3_IRQHandler
 *fill*         0x000000000800046e        0x2 
 .text.EXTI_Init
                0x0000000008000470      0x110 ./myDriver/Src/EXTI.o
                0x0000000008000470                EXTI_Init
 .text.EXTI_LineConfig
                0x0000000008000580       0x64 ./myDriver/Src/EXTI.o
                0x0000000008000580                EXTI_LineConfig
 .text.NVIC_EnableInterrupt
                0x00000000080005e4       0x66 ./myDriver/Src/EXTI.o
                0x00000000080005e4                NVIC_EnableInterrupt
 .text.GPIO_Init
                0x000000000800064a      0x16c ./myDriver/Src/GPIO.o
                0x000000000800064a                GPIO_Init
 .text.SPI_Init
                0x00000000080007b6       0x5a ./myDriver/Src/SPI.o
                0x00000000080007b6                SPI_Init
 .text.SPI_PeriphCmd
                0x0000000008000810       0x3e ./myDriver/Src/SPI.o
                0x0000000008000810                SPI_PeriphCmd
 .text.SPI_TransmitData
                0x000000000800084e       0x8a ./myDriver/Src/SPI.o
                0x000000000800084e                SPI_TransmitData
 .text.SPI_GetFlagStatus
                0x00000000080008d8       0x2a ./myDriver/Src/SPI.o
                0x00000000080008d8                SPI_GetFlagStatus
 *fill*         0x0000000008000902        0x2 
 .text.__libc_init_array
                0x0000000008000904       0x48 c:/st/stm32cubeide_1.7.0/stm32cubeide/plugins/com.st.stm32cube.ide.mcu.externaltools.gnu-tools-for-stm32.9-2020-q2-update.win32_2.0.0.202105311346/tools/bin/../lib/gcc/arm-none-eabi/9.3.1/../../../../arm-none-eabi/lib/thumb/v7e-m/nofp\libc_nano.a(lib_a-init.o)
                0x0000000008000904                __libc_init_array
 .text.memset   0x000000000800094c       0x10 c:/st/stm32cubeide_1.7.0/stm32cubeide/plugins/com.st.stm32cube.ide.mcu.externaltools.gnu-tools-for-stm32.9-2020-q2-update.win32_2.0.0.202105311346/tools/bin/../lib/gcc/arm-none-eabi/9.3.1/../../../../arm-none-eabi/lib/thumb/v7e-m/nofp\libc_nano.a(lib_a-memset.o)
                0x000000000800094c                memset
 *(.glue_7)
 .glue_7        0x000000000800095c        0x0 linker stubs
 *(.glue_7t)
 .glue_7t       0x000000000800095c        0x0 linker stubs
 *(.eh_frame)
 .eh_frame      0x000000000800095c        0x0 c:/st/stm32cubeide_1.7.0/stm32cubeide/plugins/com.st.stm32cube.ide.mcu.externaltools.gnu-tools-for-stm32.9-2020-q2-update.win32_2.0.0.202105311346/tools/bin/../lib/gcc/arm-none-eabi/9.3.1/thumb/v7e-m/nofp/crtbegin.o
 *(.init)
 .init          0x000000000800095c        0x4 c:/st/stm32cubeide_1.7.0/stm32cubeide/plugins/com.st.stm32cube.ide.mcu.externaltools.gnu-tools-for-stm32.9-2020-q2-update.win32_2.0.0.202105311346/tools/bin/../lib/gcc/arm-none-eabi/9.3.1/thumb/v7e-m/nofp/crti.o
                0x000000000800095c                _init
 .init          0x0000000008000960        0x8 c:/st/stm32cubeide_1.7.0/stm32cubeide/plugins/com.st.stm32cube.ide.mcu.externaltools.gnu-tools-for-stm32.9-2020-q2-update.win32_2.0.0.202105311346/tools/bin/../lib/gcc/arm-none-eabi/9.3.1/thumb/v7e-m/nofp/crtn.o
 *(.fini)
 .fini          0x0000000008000968        0x4 c:/st/stm32cubeide_1.7.0/stm32cubeide/plugins/com.st.stm32cube.ide.mcu.externaltools.gnu-tools-for-stm32.9-2020-q2-update.win32_2.0.0.202105311346/tools/bin/../lib/gcc/arm-none-eabi/9.3.1/thumb/v7e-m/nofp/crti.o
                0x0000000008000968                _fini
 .fini          0x000000000800096c        0x8 c:/st/stm32cubeide_1.7.0/stm32cubeide/plugins/com.st.stm32cube.ide.mcu.externaltools.gnu-tools-for-stm32.9-2020-q2-update.win32_2.0.0.202105311346/tools/bin/../lib/gcc/arm-none-eabi/9.3.1/thumb/v7e-m/nofp/crtn.o
                0x0000000008000974                . = ALIGN (0x4)
                0x0000000008000974                _etext = .

.vfp11_veneer   0x0000000008000974        0x0
 .vfp11_veneer  0x0000000008000974        0x0 linker stubs

.v4_bx          0x0000000008000974        0x0
 .v4_bx         0x0000000008000974        0x0 linker stubs

.iplt           0x0000000008000974        0x0
 .iplt          0x0000000008000974        0x0 c:/st/stm32cubeide_1.7.0/stm32cubeide/plugins/com.st.stm32cube.ide.mcu.externaltools.gnu-tools-for-stm32.9-2020-q2-update.win32_2.0.0.202105311346/tools/bin/../lib/gcc/arm-none-eabi/9.3.1/thumb/v7e-m/nofp/crtbegin.o

.rodata         0x0000000008000974       0x10
                0x0000000008000974                . = ALIGN (0x4)
 *(.rodata)
 .rodata        0x0000000008000974        0xd ./Src/main.o
 *(.rodata*)
                0x0000000008000984                . = ALIGN (0x4)
 *fill*         0x0000000008000981        0x3 

.rel.dyn        0x0000000008000984        0x0
 .rel.iplt      0x0000000008000984        0x0 c:/st/stm32cubeide_1.7.0/stm32cubeide/plugins/com.st.stm32cube.ide.mcu.externaltools.gnu-tools-for-stm32.9-2020-q2-update.win32_2.0.0.202105311346/tools/bin/../lib/gcc/arm-none-eabi/9.3.1/thumb/v7e-m/nofp/crtbegin.o

.ARM.extab      0x0000000008000984        0x0
                0x0000000008000984                . = ALIGN (0x4)
 *(.ARM.extab* .gnu.linkonce.armextab.*)
                0x0000000008000984                . = ALIGN (0x4)

.ARM            0x0000000008000984        0x0
                0x0000000008000984                . = ALIGN (0x4)
                0x0000000008000984                __exidx_start = .
 *(.ARM.exidx*)
                0x0000000008000984                __exidx_end = .
                0x0000000008000984                . = ALIGN (0x4)

.preinit_array  0x0000000008000984        0x0
                0x0000000008000984                . = ALIGN (0x4)
                0x0000000008000984                PROVIDE (__preinit_array_start = .)
 *(.preinit_array*)
                0x0000000008000984                PROVIDE (__preinit_array_end = .)
                0x0000000008000984                . = ALIGN (0x4)

.init_array     0x0000000008000984        0x4
                0x0000000008000984                . = ALIGN (0x4)
                0x0000000008000984                PROVIDE (__init_array_start = .)
 *(SORT_BY_NAME(.init_array.*))
 *(.init_array*)
 .init_array    0x0000000008000984        0x4 c:/st/stm32cubeide_1.7.0/stm32cubeide/plugins/com.st.stm32cube.ide.mcu.externaltools.gnu-tools-for-stm32.9-2020-q2-update.win32_2.0.0.202105311346/tools/bin/../lib/gcc/arm-none-eabi/9.3.1/thumb/v7e-m/nofp/crtbegin.o
                0x0000000008000988                PROVIDE (__init_array_end = .)
                0x0000000008000988                . = ALIGN (0x4)

.fini_array     0x0000000008000988        0x4
                0x0000000008000988                . = ALIGN (0x4)
                [!provide]                        PROVIDE (__fini_array_start = .)
 *(SORT_BY_NAME(.fini_array.*))
 *(.fini_array*)
 .fini_array    0x0000000008000988        0x4 c:/st/stm32cubeide_1.7.0/stm32cubeide/plugins/com.st.stm32cube.ide.mcu.externaltools.gnu-tools-for-stm32.9-2020-q2-update.win32_2.0.0.202105311346/tools/bin/../lib/gcc/arm-none-eabi/9.3.1/thumb/v7e-m/nofp/crtbegin.o
                [!provide]                        PROVIDE (__fini_array_end = .)
                0x000000000800098c                . = ALIGN (0x4)
                0x000000000800098c                _sidata = LOADADDR (.data)

.data           0x0000000020000000        0x0 load address 0x000000000800098c
                0x0000000020000000                . = ALIGN (0x4)
                0x0000000020000000                _sdata = .
 *(.data)
 *(.data*)
 *(.RamFunc)
 *(.RamFunc*)
                0x0000000020000000                . = ALIGN (0x4)
                0x0000000020000000                _edata = .
                0x000000000800098c                _siccmram = LOADADDR (.ccmram)

.igot.plt       0x0000000020000000        0x0 load address 0x000000000800098c
 .igot.plt      0x0000000020000000        0x0 c:/st/stm32cubeide_1.7.0/stm32cubeide/plugins/com.st.stm32cube.ide.mcu.externaltools.gnu-tools-for-stm32.9-2020-q2-update.win32_2.0.0.202105311346/tools/bin/../lib/gcc/arm-none-eabi/9.3.1/thumb/v7e-m/nofp/crtbegin.o

.ccmram         0x0000000010000000        0x0 load address 0x000000000800098c
                0x0000000010000000                . = ALIGN (0x4)
                0x0000000010000000                _sccmram = .
 *(.ccmram)
 *(.ccmram*)
                0x0000000010000000                . = ALIGN (0x4)
                0x0000000010000000                _eccmram = .
                0x0000000010000000                . = ALIGN (0x4)

.bss            0x0000000020000000       0x40
                0x0000000020000000                _sbss = .
                0x0000000020000000                __bss_start__ = _sbss
 *(.bss)
 .bss           0x0000000020000000       0x1c c:/st/stm32cubeide_1.7.0/stm32cubeide/plugins/com.st.stm32cube.ide.mcu.externaltools.gnu-tools-for-stm32.9-2020-q2-update.win32_2.0.0.202105311346/tools/bin/../lib/gcc/arm-none-eabi/9.3.1/thumb/v7e-m/nofp/crtbegin.o
 *(.bss*)
 *(COMMON)
 COMMON         0x000000002000001c       0x24 ./Src/main.o
                0x000000002000001c                SPI_Handle
                0x0000000020000040                . = ALIGN (0x4)
                0x0000000020000040                _ebss = .
                0x0000000020000040                __bss_end__ = _ebss

._user_heap_stack
                0x0000000020000040      0x600
                0x0000000020000040                . = ALIGN (0x8)
                [!provide]                        PROVIDE (end = .)
                0x0000000020000040                PROVIDE (_end = .)
                0x0000000020000240                . = (. + _Min_Heap_Size)
 *fill*         0x0000000020000040      0x200 
                0x0000000020000640                . = (. + _Min_Stack_Size)
 *fill*         0x0000000020000240      0x400 
                0x0000000020000640                . = ALIGN (0x8)

/DISCARD/
 libc.a(*)
 libm.a(*)
 libgcc.a(*)

.ARM.attributes
                0x0000000000000000       0x2a
 *(.ARM.attributes)
 .ARM.attributes
                0x0000000000000000       0x1e c:/st/stm32cubeide_1.7.0/stm32cubeide/plugins/com.st.stm32cube.ide.mcu.externaltools.gnu-tools-for-stm32.9-2020-q2-update.win32_2.0.0.202105311346/tools/bin/../lib/gcc/arm-none-eabi/9.3.1/thumb/v7e-m/nofp/crti.o
 .ARM.attributes
                0x000000000000001e       0x2e c:/st/stm32cubeide_1.7.0/stm32cubeide/plugins/com.st.stm32cube.ide.mcu.externaltools.gnu-tools-for-stm32.9-2020-q2-update.win32_2.0.0.202105311346/tools/bin/../lib/gcc/arm-none-eabi/9.3.1/thumb/v7e-m/nofp/crtbegin.o
 .ARM.attributes
                0x000000000000004c       0x2e ./Src/main.o
 .ARM.attributes
                0x000000000000007a       0x21 ./Startup/startup_stm32f407vgtx.o
 .ARM.attributes
                0x000000000000009b       0x2e ./myDriver/Src/EXTI.o
 .ARM.attributes
                0x00000000000000c9       0x2e ./myDriver/Src/GPIO.o
 .ARM.attributes
                0x00000000000000f7       0x2e ./myDriver/Src/SPI.o
 .ARM.attributes
                0x0000000000000125       0x2e c:/st/stm32cubeide_1.7.0/stm32cubeide/plugins/com.st.stm32cube.ide.mcu.externaltools.gnu-tools-for-stm32.9-2020-q2-update.win32_2.0.0.202105311346/tools/bin/../lib/gcc/arm-none-eabi/9.3.1/../../../../arm-none-eabi/lib/thumb/v7e-m/nofp\libc_nano.a(lib_a-init.o)
 .ARM.attributes
                0x0000000000000153       0x2e c:/st/stm32cubeide_1.7.0/stm32cubeide/plugins/com.st.stm32cube.ide.mcu.externaltools.gnu-tools-for-stm32.9-2020-q2-update.win32_2.0.0.202105311346/tools/bin/../lib/gcc/arm-none-eabi/9.3.1/../../../../arm-none-eabi/lib/thumb/v7e-m/nofp\libc_nano.a(lib_a-memset.o)
 .ARM.attributes
                0x0000000000000181       0x17 c:/st/stm32cubeide_1.7.0/stm32cubeide/plugins/com.st.stm32cube.ide.mcu.externaltools.gnu-tools-for-stm32.9-2020-q2-update.win32_2.0.0.202105311346/tools/bin/../lib/gcc/arm-none-eabi/9.3.1/../../../../arm-none-eabi/lib/thumb/v7e-m/nofp\libc_nano.a(lib_a-strlen.o)
 .ARM.attributes
                0x0000000000000198       0x1e c:/st/stm32cubeide_1.7.0/stm32cubeide/plugins/com.st.stm32cube.ide.mcu.externaltools.gnu-tools-for-stm32.9-2020-q2-update.win32_2.0.0.202105311346/tools/bin/../lib/gcc/arm-none-eabi/9.3.1/thumb/v7e-m/nofp/crtn.o
OUTPUT(driverdev.elf elf32-littlearm)
LOAD linker stubs
LOAD c:/st/stm32cubeide_1.7.0/stm32cubeide/plugins/com.st.stm32cube.ide.mcu.externaltools.gnu-tools-for-stm32.9-2020-q2-update.win32_2.0.0.202105311346/tools/bin/../lib/gcc/arm-none-eabi/9.3.1/../../../../arm-none-eabi/lib/thumb/v7e-m/nofp\libc.a
LOAD c:/st/stm32cubeide_1.7.0/stm32cubeide/plugins/com.st.stm32cube.ide.mcu.externaltools.gnu-tools-for-stm32.9-2020-q2-update.win32_2.0.0.202105311346/tools/bin/../lib/gcc/arm-none-eabi/9.3.1/../../../../arm-none-eabi/lib/thumb/v7e-m/nofp\libm.a
LOAD c:/st/stm32cubeide_1.7.0/stm32cubeide/plugins/com.st.stm32cube.ide.mcu.externaltools.gnu-tools-for-stm32.9-2020-q2-update.win32_2.0.0.202105311346/tools/bin/../lib/gcc/arm-none-eabi/9.3.1/thumb/v7e-m/nofp\libgcc.a

.debug_info     0x0000000000000000     0x334a
 .debug_info    0x0000000000000000      0xf88 ./Src/main.o
 .debug_info    0x0000000000000f88       0x22 ./Startup/startup_stm32f407vgtx.o
 .debug_info    0x0000000000000faa      0xb68 ./myDriver/Src/EXTI.o
 .debug_info    0x0000000000001b12      0xc14 ./myDriver/Src/GPIO.o
 .debug_info    0x0000000000002726      0xc24 ./myDriver/Src/SPI.o

.debug_abbrev   0x0000000000000000      0x7fc
 .debug_abbrev  0x0000000000000000      0x217 ./Src/main.o
 .debug_abbrev  0x0000000000000217       0x12 ./Startup/startup_stm32f407vgtx.o
 .debug_abbrev  0x0000000000000229      0x1c8 ./myDriver/Src/EXTI.o
 .debug_abbrev  0x00000000000003f1      0x1ef ./myDriver/Src/GPIO.o
 .debug_abbrev  0x00000000000005e0      0x21c ./myDriver/Src/SPI.o

.debug_aranges  0x0000000000000000      0x120
 .debug_aranges
                0x0000000000000000       0x48 ./Src/main.o
 .debug_aranges
                0x0000000000000048       0x28 ./Startup/startup_stm32f407vgtx.o
 .debug_aranges
                0x0000000000000070       0x30 ./myDriver/Src/EXTI.o
 .debug_aranges
                0x00000000000000a0       0x40 ./myDriver/Src/GPIO.o
 .debug_aranges
                0x00000000000000e0       0x40 ./myDriver/Src/SPI.o

.debug_ranges   0x0000000000000000       0xd8
 .debug_ranges  0x0000000000000000       0x38 ./Src/main.o
 .debug_ranges  0x0000000000000038       0x20 ./Startup/startup_stm32f407vgtx.o
 .debug_ranges  0x0000000000000058       0x20 ./myDriver/Src/EXTI.o
 .debug_ranges  0x0000000000000078       0x30 ./myDriver/Src/GPIO.o
 .debug_ranges  0x00000000000000a8       0x30 ./myDriver/Src/SPI.o

.debug_macro    0x0000000000000000     0x2587
 .debug_macro   0x0000000000000000      0x177 ./Src/main.o
 .debug_macro   0x0000000000000177      0xaa8 ./Src/main.o
 .debug_macro   0x0000000000000c1f       0x22 ./Src/main.o
 .debug_macro   0x0000000000000c41       0x8e ./Src/main.o
 .debug_macro   0x0000000000000ccf       0x51 ./Src/main.o
 .debug_macro   0x0000000000000d20      0x103 ./Src/main.o
 .debug_macro   0x0000000000000e23       0x6a ./Src/main.o
 .debug_macro   0x0000000000000e8d      0x1df ./Src/main.o
 .debug_macro   0x000000000000106c       0x52 ./Src/main.o
 .debug_macro   0x00000000000010be       0x18 ./Src/main.o
 .debug_macro   0x00000000000010d6       0x3c ./Src/main.o
 .debug_macro   0x0000000000001112       0x34 ./Src/main.o
 .debug_macro   0x0000000000001146      0x174 ./Src/main.o
 .debug_macro   0x00000000000012ba       0x16 ./Src/main.o
 .debug_macro   0x00000000000012d0       0x43 ./Src/main.o
 .debug_macro   0x0000000000001313       0x34 ./Src/main.o
 .debug_macro   0x0000000000001347       0x10 ./Src/main.o
 .debug_macro   0x0000000000001357       0x58 ./Src/main.o
 .debug_macro   0x00000000000013af       0x71 ./Src/main.o
 .debug_macro   0x0000000000001420       0x1c ./Src/main.o
 .debug_macro   0x000000000000143c      0x12a ./Src/main.o
 .debug_macro   0x0000000000001566      0x339 ./Src/main.o
 .debug_macro   0x000000000000189f       0x10 ./Src/main.o
 .debug_macro   0x00000000000018af       0x35 ./Src/main.o
 .debug_macro   0x00000000000018e4       0x20 ./Src/main.o
 .debug_macro   0x0000000000001904      0x2bc ./Src/main.o
 .debug_macro   0x0000000000001bc0       0x76 ./Src/main.o
 .debug_macro   0x0000000000001c36       0xb8 ./Src/main.o
 .debug_macro   0x0000000000001cee      0x11e ./Src/main.o
 .debug_macro   0x0000000000001e0c       0x9a ./Src/main.o
 .debug_macro   0x0000000000001ea6      0x181 ./myDriver/Src/EXTI.o
 .debug_macro   0x0000000000002027       0xb2 ./myDriver/Src/EXTI.o
 .debug_macro   0x00000000000020d9      0x181 ./myDriver/Src/GPIO.o
 .debug_macro   0x000000000000225a      0x118 ./myDriver/Src/GPIO.o
 .debug_macro   0x0000000000002372      0x181 ./myDriver/Src/SPI.o
 .debug_macro   0x00000000000024f3       0x94 ./myDriver/Src/SPI.o

.debug_line     0x0000000000000000     0x1a7f
 .debug_line    0x0000000000000000      0x631 ./Src/main.o
 .debug_line    0x0000000000000631       0x84 ./Startup/startup_stm32f407vgtx.o
 .debug_line    0x00000000000006b5      0x671 ./myDriver/Src/EXTI.o
 .debug_line    0x0000000000000d26      0x6ba ./myDriver/Src/GPIO.o
 .debug_line    0x00000000000013e0      0x69f ./myDriver/Src/SPI.o

.debug_str      0x0000000000000000     0x9cad
 .debug_str     0x0000000000000000     0x9a40 ./Src/main.o
                                       0x9cc2 (size before relaxing)
 .debug_str     0x0000000000009a40       0x31 ./Startup/startup_stm32f407vgtx.o
                                         0x51 (size before relaxing)
 .debug_str     0x0000000000009a71       0x9b ./myDriver/Src/EXTI.o
                                       0x9ab7 (size before relaxing)
 .debug_str     0x0000000000009b0c       0xe7 ./myDriver/Src/GPIO.o
                                       0x9a91 (size before relaxing)
 .debug_str     0x0000000000009bf3       0xba ./myDriver/Src/SPI.o
                                       0x9ad6 (size before relaxing)

.comment        0x0000000000000000       0x53
 .comment       0x0000000000000000       0x53 ./Src/main.o
                                         0x54 (size before relaxing)
 .comment       0x0000000000000053       0x54 ./myDriver/Src/EXTI.o
 .comment       0x0000000000000053       0x54 ./myDriver/Src/GPIO.o
 .comment       0x0000000000000053       0x54 ./myDriver/Src/SPI.o

.debug_frame    0x0000000000000000      0x360
 .debug_frame   0x0000000000000000       0xe4 ./Src/main.o
 .debug_frame   0x00000000000000e4       0x88 ./myDriver/Src/EXTI.o
 .debug_frame   0x000000000000016c       0xd8 ./myDriver/Src/GPIO.o
 .debug_frame   0x0000000000000244       0xd0 ./myDriver/Src/SPI.o
 .debug_frame   0x0000000000000314       0x2c c:/st/stm32cubeide_1.7.0/stm32cubeide/plugins/com.st.stm32cube.ide.mcu.externaltools.gnu-tools-for-stm32.9-2020-q2-update.win32_2.0.0.202105311346/tools/bin/../lib/gcc/arm-none-eabi/9.3.1/../../../../arm-none-eabi/lib/thumb/v7e-m/nofp\libc_nano.a(lib_a-init.o)
 .debug_frame   0x0000000000000340       0x20 c:/st/stm32cubeide_1.7.0/stm32cubeide/plugins/com.st.stm32cube.ide.mcu.externaltools.gnu-tools-for-stm32.9-2020-q2-update.win32_2.0.0.202105311346/tools/bin/../lib/gcc/arm-none-eabi/9.3.1/../../../../arm-none-eabi/lib/thumb/v7e-m/nofp\libc_nano.a(lib_a-memset.o)
